<html>
<body>
<pre>
<h1>µVision Build Log</h1>
<h2>Project:</h2>
C:\Users\HP\Desktop\exprays\EXP5\code\interfacing_of_adc.uvproj
Project File Date:  01/31/2025

<h2>Output:</h2>
compiling main.c...
ADC.h(10): warning:  #61-D: integer operation result is out of range
ADC.h(10): warning:  #68-D: integer conversion resulted in a change of sign
ADC.h(16): warning:  #61-D: integer operation result is out of range
ADC.h(16): warning:  #68-D: integer conversion resulted in a change of sign
main.c(23): warning:  #1-D: last line of file ends without a newline
main.c - 0 Error(s), 5 Warning(s).
Build target 'Target 1'
assembling Startup.s...
linking...
Program Size: Code=1948 RO-data=32 RW-data=4 ZI-data=1260  
FromELF: creating hex file...
"interfacing_of_adc.axf" - 0 Error(s), 0 Warning(s).
