<html>
<body>
<pre>
<h1>µVision Build Log</h1>
<h2>Project:</h2>
C:\Users\HP\Desktop\4th sem ARABINDA\EXP-8\CODE\CODE.uvproj
Project File Date:  03/20/2025

<h2>Output:</h2>
Build target 'Target 1'
assembling Startup.s...
compiling CODE.c...
CODE.c: Error:  #5: cannot open source input file "CODE.c": No such file or directory
Target not created
Build target 'Target 1'
assembling Startup.s...
compiling CODE.c...
CODE.c: Error:  #5: cannot open source input file "CODE.c": No such file or directory
Target not created
Build target 'Target 1'
compiling CODE.c...
CODE.c: Error:  #5: cannot open source input file "CODE.c": No such file or directory
Target not created
Build target 'Target 1'
compiling relayp.c...
linking...
Program Size: Code=780 RO-data=16 RW-data=0 ZI-data=1256  
FromELF: creating hex file...
"CODE.axf" - 0 Error(s), 0 Warning(s).
Build target 'Target 1'
linking...
Program Size: Code=780 RO-data=16 RW-data=0 ZI-data=1256  
FromELF: creating hex file...
"CODE.axf" - 0 Error(s), 0 Warning(s).
